// Jest Snapshot v1, https://goo.gl/fbAQLP

exports[`<App /> component does match to the snapshot 1`] = `
<ContextProvider
  value={
    Object {
      "currentPage": 1,
      "entries": Array [],
      "filter": Object {
        "gender": "",
        "search": "",
        "status": "",
      },
      "handlePagination": [Function],
      "numberOfItems": 0,
      "numberOfPages": 0,
      "setFilter": [Function],
    }
  }
>
  <div
    className="application"
  >
    <div
      className="application__inner"
    >
      <Header
        className="application__header"
      />
      <Aside
        className="application__aside"
      />
      <Main
        className="application__main"
      >
        <MainRoutes />
      </Main>
    </div>
  </div>
</ContextProvider>
`;
